RAM Allocation [bytes]
Variable                                                                          Address   Size
------------------------------------------------------------------------------------------------

EEPROM Allocation [bytes]
Variable                                                                          Address   Size
------------------------------------------------------------------------------------------------

Register Allocation
Variable                                                                          Register  Size
------------------------------------------------------------------------------------------------

FLASH Allocation [words]
Function                                                                          Address   Size
------------------------------------------------------------------------------------------------
main                                                                              0x00045     33
reverse                                                                           0x00066     22
SETUP_DTOAMATRIX                                                                  0x0007C      5
clean_screen                                                                      0x00081      5
show_screen                                                                       0x00086     10
