RAM Allocation [bytes]
Variable                                                                          Address   Size
------------------------------------------------------------------------------------------------

EEPROM Allocation [bytes]
Variable                                                                          Address   Size
------------------------------------------------------------------------------------------------

Register Allocation
Variable                                                                          Register  Size
------------------------------------------------------------------------------------------------

FLASH Allocation [words]
Function                                                                          Address   Size
------------------------------------------------------------------------------------------------
main                                                                              0x00045      6
reverse                                                                           0x0004B     22
SETUP_DTOAMATRIX                                                                  0x00061      5
clean_screen                                                                      0x00066      5
show_screen                                                                       0x0006B     10
